// 重构日志: d58665cc
// 重构日志: 2a1d88e4
// 重构日志: da4698ef
// 同步 ID: bacdde53 @ Sun Jul 19 10:20:39 UTC 2026
// 同步 ID: bdb89425 @ Sun Jul 19 14:49:36 UTC 2026
// 重构日志: 176f5366
// 同步 ID: bac54841 @ Sun Jul 19 18:25:50 UTC 2026
// 重构日志: b81a624d
// 重构日志: ebbe2939
// 重构日志: f8b797b0
// 重构日志: 2dd8a44c
// 重构日志: 5f54ea3d
// 重构日志: 0de00c86
// 重构日志: 6431965e
// 重构日志: ef880cd0
// 同步 ID: b647db3b @ Fri Jul 24 13:00:59 UTC 2026
// 同步 ID: 85a17a1f @ Fri Jul 24 15:22:57 UTC 2026
// 同步 ID: e1f7a54d @ Sat Jul 25 11:28:16 UTC 2026
// 重构日志: 5c17f907
// 同步 ID: 70c4b89e @ Sun Jul 26 01:40:19 UTC 2026
// 重构日志: 248935a3
// 重构日志: 382e2835
// 同步 ID: c8ba2080 @ Mon Jul 27 12:59:13 UTC 2026
// 同步 ID: 7483d0df @ Wed Jul 29 11:18:54 UTC 2026
// 重构日志: 88b7eed6
// 重构日志: 653f9a8a
// 重构日志: 65666c05
// 同步 ID: 055e3271 @ Sat Aug  1 08:14:30 UTC 2026
// 重构日志: 1462ae6e
// 同步 ID: 9be74932 @ Sun Aug  2 08:13:02 UTC 2026
// 重构日志: 9514fcf3
// 重构日志: ae61ad70
// 重构日志: e7a27ee6
